Archive member included to satisfy reference by file (symbol)

c:/st/stm32cubeide_1.7.0/stm32cubeide/plugins/com.st.stm32cube.ide.mcu.externaltools.gnu-tools-for-stm32.9-2020-q2-update.win32_2.0.0.202105311346/tools/bin/../lib/gcc/arm-none-eabi/9.3.1/../../../../arm-none-eabi/lib/thumb/v7e-m+fp/hard\libc_nano.a(lib_a-errno.o)
                              ./Core/Src/syscalls.o (__errno)
c:/st/stm32cubeide_1.7.0/stm32cubeide/plugins/com.st.stm32cube.ide.mcu.externaltools.gnu-tools-for-stm32.9-2020-q2-update.win32_2.0.0.202105311346/tools/bin/../lib/gcc/arm-none-eabi/9.3.1/../../../../arm-none-eabi/lib/thumb/v7e-m+fp/hard\libc_nano.a(lib_a-exit.o)
                              c:/st/stm32cubeide_1.7.0/stm32cubeide/plugins/com.st.stm32cube.ide.mcu.externaltools.gnu-tools-for-stm32.9-2020-q2-update.win32_2.0.0.202105311346/tools/bin/../lib/gcc/arm-none-eabi/9.3.1/../../../../arm-none-eabi/lib/thumb/v7e-m+fp/hard/crt0.o (exit)
c:/st/stm32cubeide_1.7.0/stm32cubeide/plugins/com.st.stm32cube.ide.mcu.externaltools.gnu-tools-for-stm32.9-2020-q2-update.win32_2.0.0.202105311346/tools/bin/../lib/gcc/arm-none-eabi/9.3.1/../../../../arm-none-eabi/lib/thumb/v7e-m+fp/hard\libc_nano.a(lib_a-impure.o)
                              c:/st/stm32cubeide_1.7.0/stm32cubeide/plugins/com.st.stm32cube.ide.mcu.externaltools.gnu-tools-for-stm32.9-2020-q2-update.win32_2.0.0.202105311346/tools/bin/../lib/gcc/arm-none-eabi/9.3.1/../../../../arm-none-eabi/lib/thumb/v7e-m+fp/hard\libc_nano.a(lib_a-exit.o) (_global_impure_ptr)
c:/st/stm32cubeide_1.7.0/stm32cubeide/plugins/com.st.stm32cube.ide.mcu.externaltools.gnu-tools-for-stm32.9-2020-q2-update.win32_2.0.0.202105311346/tools/bin/../lib/gcc/arm-none-eabi/9.3.1/../../../../arm-none-eabi/lib/thumb/v7e-m+fp/hard\libc_nano.a(lib_a-init.o)
                              c:/st/stm32cubeide_1.7.0/stm32cubeide/plugins/com.st.stm32cube.ide.mcu.externaltools.gnu-tools-for-stm32.9-2020-q2-update.win32_2.0.0.202105311346/tools/bin/../lib/gcc/arm-none-eabi/9.3.1/../../../../arm-none-eabi/lib/thumb/v7e-m+fp/hard/crt0.o (__libc_init_array)
c:/st/stm32cubeide_1.7.0/stm32cubeide/plugins/com.st.stm32cube.ide.mcu.externaltools.gnu-tools-for-stm32.9-2020-q2-update.win32_2.0.0.202105311346/tools/bin/../lib/gcc/arm-none-eabi/9.3.1/../../../../arm-none-eabi/lib/thumb/v7e-m+fp/hard\libc_nano.a(lib_a-memcpy-stub.o)
                              ./Core/Src/CAN_Utils.o (memcpy)
c:/st/stm32cubeide_1.7.0/stm32cubeide/plugins/com.st.stm32cube.ide.mcu.externaltools.gnu-tools-for-stm32.9-2020-q2-update.win32_2.0.0.202105311346/tools/bin/../lib/gcc/arm-none-eabi/9.3.1/../../../../arm-none-eabi/lib/thumb/v7e-m+fp/hard\libc_nano.a(lib_a-memset.o)
                              c:/st/stm32cubeide_1.7.0/stm32cubeide/plugins/com.st.stm32cube.ide.mcu.externaltools.gnu-tools-for-stm32.9-2020-q2-update.win32_2.0.0.202105311346/tools/bin/../lib/gcc/arm-none-eabi/9.3.1/../../../../arm-none-eabi/lib/thumb/v7e-m+fp/hard/crt0.o (memset)
c:/st/stm32cubeide_1.7.0/stm32cubeide/plugins/com.st.stm32cube.ide.mcu.externaltools.gnu-tools-for-stm32.9-2020-q2-update.win32_2.0.0.202105311346/tools/bin/../lib/gcc/arm-none-eabi/9.3.1/thumb/v7e-m+fp/hard\libgcc.a(_aeabi_uldivmod.o)
                              ./Drivers/STM32L4xx_HAL_Driver/Src/stm32l4xx_hal_uart.o (__aeabi_uldivmod)
c:/st/stm32cubeide_1.7.0/stm32cubeide/plugins/com.st.stm32cube.ide.mcu.externaltools.gnu-tools-for-stm32.9-2020-q2-update.win32_2.0.0.202105311346/tools/bin/../lib/gcc/arm-none-eabi/9.3.1/thumb/v7e-m+fp/hard\libgcc.a(_udivmoddi4.o)
                              c:/st/stm32cubeide_1.7.0/stm32cubeide/plugins/com.st.stm32cube.ide.mcu.externaltools.gnu-tools-for-stm32.9-2020-q2-update.win32_2.0.0.202105311346/tools/bin/../lib/gcc/arm-none-eabi/9.3.1/thumb/v7e-m+fp/hard\libgcc.a(_aeabi_uldivmod.o) (__udivmoddi4)
c:/st/stm32cubeide_1.7.0/stm32cubeide/plugins/com.st.stm32cube.ide.mcu.externaltools.gnu-tools-for-stm32.9-2020-q2-update.win32_2.0.0.202105311346/tools/bin/../lib/gcc/arm-none-eabi/9.3.1/thumb/v7e-m+fp/hard\libgcc.a(_dvmd_tls.o)
                              c:/st/stm32cubeide_1.7.0/stm32cubeide/plugins/com.st.stm32cube.ide.mcu.externaltools.gnu-tools-for-stm32.9-2020-q2-update.win32_2.0.0.202105311346/tools/bin/../lib/gcc/arm-none-eabi/9.3.1/thumb/v7e-m+fp/hard\libgcc.a(_aeabi_uldivmod.o) (__aeabi_ldiv0)

Allocating common symbols
Common symbol       size              file

circ_RX_buff        0x240             ./Core/Src/CAN_API.o
screen_1            0x0               ./Core/Src/main.o
uwTick              0x4               ./Drivers/STM32L4xx_HAL_Driver/Src/stm32l4xx_hal.o
screen_2            0x0               ./Core/Src/main.o
parsed_ID           0xc               ./Core/Src/main.o
hspi1               0x64              ./Core/Src/spi.o
rx_msg_ptr          0x4               ./Core/Src/main.o
huart2              0x84              ./Core/Src/usart.o
hcan1               0x28              ./Core/Src/can.o
CAN_message         0x24              ./Core/Src/CAN_API.o

[...]
Memory Configuration

Name             Origin             Length             Attributes
RAM              0x0000000020000000 0x000000000000c000 xrw
RAM2             0x0000000010000000 0x0000000000004000 xrw
FLASH            0x0000000008000000 0x0000000000040000 xr
*default*        0x0000000000000000 0xffffffffffffffff

Linker script and memory map

LOAD c:/st/stm32cubeide_1.7.0/stm32cubeide/plugins/com.st.stm32cube.ide.mcu.externaltools.gnu-tools-for-stm32.9-2020-q2-update.win32_2.0.0.202105311346/tools/bin/../lib/gcc/arm-none-eabi/9.3.1/thumb/v7e-m+fp/hard/crti.o
LOAD c:/st/stm32cubeide_1.7.0/stm32cubeide/plugins/com.st.stm32cube.ide.mcu.externaltools.gnu-tools-for-stm32.9-2020-q2-update.win32_2.0.0.202105311346/tools/bin/../lib/gcc/arm-none-eabi/9.3.1/thumb/v7e-m+fp/hard/crtbegin.o
LOAD c:/st/stm32cubeide_1.7.0/stm32cubeide/plugins/com.st.stm32cube.ide.mcu.externaltools.gnu-tools-for-stm32.9-2020-q2-update.win32_2.0.0.202105311346/tools/bin/../lib/gcc/arm-none-eabi/9.3.1/../../../../arm-none-eabi/lib/thumb/v7e-m+fp/hard/crt0.o
LOAD ./Core/Src/CAN_API.o
LOAD ./Core/Src/CAN_Utils.o
LOAD ./Core/Src/OLED_Interface.o
LOAD ./Core/Src/SSD1322_API.o
LOAD ./Core/Src/SSD1322_HW_Driver.o
LOAD ./Core/Src/can.o
LOAD ./Core/Src/gpio.o
LOAD ./Core/Src/main.o
LOAD ./Core/Src/spi.o
LOAD ./Core/Src/stm32l4xx_hal_msp.o
LOAD ./Core/Src/stm32l4xx_it.o
LOAD ./Core/Src/syscalls.o
LOAD ./Core/Src/sysmem.o
LOAD ./Core/Src/system_stm32l4xx.o
LOAD ./Core/Src/usart.o
LOAD ./Core/Startup/startup_stm32l433rctxp.o
LOAD ./Drivers/STM32L4xx_HAL_Driver/Src/stm32l4xx_hal.o
LOAD ./Drivers/STM32L4xx_HAL_Driver/Src/stm32l4xx_hal_can.o
LOAD ./Drivers/STM32L4xx_HAL_Driver/Src/stm32l4xx_hal_cortex.o
LOAD ./Drivers/STM32L4xx_HAL_Driver/Src/stm32l4xx_hal_dma.o
LOAD ./Drivers/STM32L4xx_HAL_Driver/Src/stm32l4xx_hal_dma_ex.o
LOAD ./Drivers/STM32L4xx_HAL_Driver/Src/stm32l4xx_hal_exti.o
LOAD ./Drivers/STM32L4xx_HAL_Driver/Src/stm32l4xx_hal_flash.o
LOAD ./Drivers/STM32L4xx_HAL_Driver/Src/stm32l4xx_hal_flash_ex.o
LOAD ./Drivers/STM32L4xx_HAL_Driver/Src/stm32l4xx_hal_flash_ramfunc.o
LOAD ./Drivers/STM32L4xx_HAL_Driver/Src/stm32l4xx_hal_gpio.o
LOAD ./Drivers/STM32L4xx_HAL_Driver/Src/stm32l4xx_hal_i2c.o
LOAD ./Drivers/STM32L4xx_HAL_Driver/Src/stm32l4xx_hal_i2c_ex.o
LOAD ./Drivers/STM32L4xx_HAL_Driver/Src/stm32l4xx_hal_pwr.o
LOAD ./Drivers/STM32L4xx_HAL_Driver/Src/stm32l4xx_hal_pwr_ex.o
LOAD ./Drivers/STM32L4xx_HAL_Driver/Src/stm32l4xx_hal_rcc.o
LOAD ./Drivers/STM32L4xx_HAL_Driver/Src/stm32l4xx_hal_rcc_ex.o
LOAD ./Drivers/STM32L4xx_HAL_Driver/Src/stm32l4xx_hal_spi.o
LOAD ./Drivers/STM32L4xx_HAL_Driver/Src/stm32l4xx_hal_spi_ex.o
LOAD ./Drivers/STM32L4xx_HAL_Driver/Src/stm32l4xx_hal_tim.o
LOAD ./Drivers/STM32L4xx_HAL_Driver/Src/stm32l4xx_hal_tim_ex.o
LOAD ./Drivers/STM32L4xx_HAL_Driver/Src/stm32l4xx_hal_uart.o
LOAD ./Drivers/STM32L4xx_HAL_Driver/Src/stm32l4xx_hal_uart_ex.o
START GROUP
LOAD c:/st/stm32cubeide_1.7.0/stm32cubeide/plugins/com.st.stm32cube.ide.mcu.externaltools.gnu-tools-for-stm32.9-2020-q2-update.win32_2.0.0.202105311346/tools/bin/../lib/gcc/arm-none-eabi/9.3.1/../../../../arm-none-eabi/lib/thumb/v7e-m+fp/hard\libc_nano.a
LOAD c:/st/stm32cubeide_1.7.0/stm32cubeide/plugins/com.st.stm32cube.ide.mcu.externaltools.gnu-tools-for-stm32.9-2020-q2-update.win32_2.0.0.202105311346/tools/bin/../lib/gcc/arm-none-eabi/9.3.1/../../../../arm-none-eabi/lib/thumb/v7e-m+fp/hard\libm.a
END GROUP
START GROUP
LOAD c:/st/stm32cubeide_1.7.0/stm32cubeide/plugins/com.st.stm32cube.ide.mcu.externaltools.gnu-tools-for-stm32.9-2020-q2-update.win32_2.0.0.202105311346/tools/bin/../lib/gcc/arm-none-eabi/9.3.1/thumb/v7e-m+fp/hard\libgcc.a
LOAD c:/st/stm32cubeide_1.7.0/stm32cubeide/plugins/com.st.stm32cube.ide.mcu.externaltools.gnu-tools-for-stm32.9-2020-q2-update.win32_2.0.0.202105311346/tools/bin/../lib/gcc/arm-none-eabi/9.3.1/../../../../arm-none-eabi/lib/thumb/v7e-m+fp/hard\libc_nano.a
END GROUP
START GROUP
LOAD c:/st/stm32cubeide_1.7.0/stm32cubeide/plugins/com.st.stm32cube.ide.mcu.externaltools.gnu-tools-for-stm32.9-2020-q2-update.win32_2.0.0.202105311346/tools/bin/../lib/gcc/arm-none-eabi/9.3.1/thumb/v7e-m+fp/hard\libgcc.a
LOAD c:/st/stm32cubeide_1.7.0/stm32cubeide/plugins/com.st.stm32cube.ide.mcu.externaltools.gnu-tools-for-stm32.9-2020-q2-update.win32_2.0.0.202105311346/tools/bin/../lib/gcc/arm-none-eabi/9.3.1/../../../../arm-none-eabi/lib/thumb/v7e-m+fp/hard\libc_nano.a
LOAD c:/st/stm32cubeide_1.7.0/stm32cubeide/plugins/com.st.stm32cube.ide.mcu.externaltools.gnu-tools-for-stm32.9-2020-q2-update.win32_2.0.0.202105311346/tools/bin/../lib/gcc/arm-none-eabi/9.3.1/../../../../arm-none-eabi/lib/thumb/v7e-m+fp/hard\libnosys.a
END GROUP
START GROUP
LOAD c:/st/stm32cubeide_1.7.0/stm32cubeide/plugins/com.st.stm32cube.ide.mcu.externaltools.gnu-tools-for-stm32.9-2020-q2-update.win32_2.0.0.202105311346/tools/bin/../lib/gcc/arm-none-eabi/9.3.1/thumb/v7e-m+fp/hard\libgcc.a
LOAD c:/st/stm32cubeide_1.7.0/stm32cubeide/plugins/com.st.stm32cube.ide.mcu.externaltools.gnu-tools-for-stm32.9-2020-q2-update.win32_2.0.0.202105311346/tools/bin/../lib/gcc/arm-none-eabi/9.3.1/../../../../arm-none-eabi/lib/thumb/v7e-m+fp/hard\libc_nano.a
LOAD c:/st/stm32cubeide_1.7.0/stm32cubeide/plugins/com.st.stm32cube.ide.mcu.externaltools.gnu-tools-for-stm32.9-2020-q2-update.win32_2.0.0.202105311346/tools/bin/../lib/gcc/arm-none-eabi/9.3.1/../../../../arm-none-eabi/lib/thumb/v7e-m+fp/hard\libnosys.a
END GROUP
LOAD c:/st/stm32cubeide_1.7.0/stm32cubeide/plugins/com.st.stm32cube.ide.mcu.externaltools.gnu-tools-for-stm32.9-2020-q2-update.win32_2.0.0.202105311346/tools/bin/../lib/gcc/arm-none-eabi/9.3.1/thumb/v7e-m+fp/hard/crtend.o
LOAD c:/st/stm32cubeide_1.7.0/stm32cubeide/plugins/com.st.stm32cube.ide.mcu.externaltools.gnu-tools-for-stm32.9-2020-q2-update.win32_2.0.0.202105311346/tools/bin/../lib/gcc/arm-none-eabi/9.3.1/thumb/v7e-m+fp/hard/crtn.o
                0x000000002000c000                _estack = (ORIGIN (RAM) + LENGTH (RAM))
                0x0000000000000200                _Min_Heap_Size = 0x200
                0x0000000000000400                _Min_Stack_Size = 0x400

.isr_vector     0x0000000008000000      0x18c
                0x0000000008000000                . = ALIGN (0x4)
 *(.isr_vector)
 .isr_vector    0x0000000008000000      0x18c ./Core/Startup/startup_stm32l433rctxp.o
                0x0000000008000000                g_pfnVectors
                0x000000000800018c                . = ALIGN (0x4)

.text           0x000000000800018c     0x3c0c
                0x000000000800018c                . = ALIGN (0x4)
 *(.text)
 .text          0x000000000800018c       0x40 c:/st/stm32cubeide_1.7.0/stm32cubeide/plugins/com.st.stm32cube.ide.mcu.externaltools.gnu-tools-for-stm32.9-2020-q2-update.win32_2.0.0.202105311346/tools/bin/../lib/gcc/arm-none-eabi/9.3.1/thumb/v7e-m+fp/hard/crtbegin.o
 .text          0x00000000080001cc       0x30 c:/st/stm32cubeide_1.7.0/stm32cubeide/plugins/com.st.stm32cube.ide.mcu.externaltools.gnu-tools-for-stm32.9-2020-q2-update.win32_2.0.0.202105311346/tools/bin/../lib/gcc/arm-none-eabi/9.3.1/thumb/v7e-m+fp/hard\libgcc.a(_aeabi_uldivmod.o)
                0x00000000080001cc                __aeabi_uldivmod
 .text          0x00000000080001fc      0x2c4 c:/st/stm32cubeide_1.7.0/stm32cubeide/plugins/com.st.stm32cube.ide.mcu.externaltools.gnu-tools-for-stm32.9-2020-q2-update.win32_2.0.0.202105311346/tools/bin/../lib/gcc/arm-none-eabi/9.3.1/thumb/v7e-m+fp/hard\libgcc.a(_udivmoddi4.o)
                0x00000000080001fc                __udivmoddi4
 .text          0x00000000080004c0        0x4 c:/st/stm32cubeide_1.7.0/stm32cubeide/plugins/com.st.stm32cube.ide.mcu.externaltools.gnu-tools-for-stm32.9-2020-q2-update.win32_2.0.0.202105311346/tools/bin/../lib/gcc/arm-none-eabi/9.3.1/thumb/v7e-m+fp/hard\libgcc.a(_dvmd_tls.o)
                0x00000000080004c0                __aeabi_idiv0
                0x00000000080004c0                __aeabi_ldiv0
 *(.text*)
 .text.CAN_filter_init
                0x00000000080004c4       0x54 ./Core/Src/CAN_API.o
 .text.CAN_init
                0x0000000008000518       0x54 ./Core/Src/CAN_API.o
                0x0000000008000518                CAN_init
 .text.CAN_get_message
                0x000000000800056c       0x94 ./Core/Src/CAN_API.o
                0x000000000800056c                CAN_get_message
 .text.HAL_CAN_RxFifo0MsgPendingCallback
                0x0000000008000600       0xc8 ./Core/Src/CAN_API.o
                0x0000000008000600                HAL_CAN_RxFifo0MsgPendingCallback
 .text.get_data_counter
                0x00000000080006c8       0x40 ./Core/Src/CAN_Utils.o
 .text.Parse_CAN_ID
                0x0000000008000708       0xf0 ./Core/Src/CAN_Utils.o
                0x0000000008000708                Parse_CAN_ID
 .text.CAN_Handler
                0x00000000080007f8       0x9c ./Core/Src/CAN_Utils.o
                0x00000000080007f8                CAN_Handler
 .text.Interface_Handler
                0x0000000008000894       0x14 ./Core/Src/OLED_Interface.o
                0x0000000008000894                Interface_Handler
 .text.MX_CAN1_Init
                0x00000000080008a8       0x6c ./Core/Src/can.o
                0x00000000080008a8                MX_CAN1_Init
 .text.HAL_CAN_MspInit
                0x0000000008000914       0x98 ./Core/Src/can.o
                0x0000000008000914                HAL_CAN_MspInit
 .text.MX_GPIO_Init
                0x00000000080009ac      0x13c ./Core/Src/gpio.o
                0x00000000080009ac                MX_GPIO_Init
 .text.main     0x0000000008000ae8       0x38 ./Core/Src/main.o
                0x0000000008000ae8                main
 .text.SystemClock_Config
                0x0000000008000b20       0xa2 ./Core/Src/main.o
                0x0000000008000b20                SystemClock_Config
 .text.Error_Handler
                0x0000000008000bc2        0xa ./Core/Src/main.o
                0x0000000008000bc2                Error_Handler
 .text.MX_SPI1_Init
                0x0000000008000bcc       0x7c ./Core/Src/spi.o
                0x0000000008000bcc                MX_SPI1_Init
 .text.HAL_SPI_MspInit
                0x0000000008000c48       0x88 ./Core/Src/spi.o
                0x0000000008000c48                HAL_SPI_MspInit
 .text.HAL_MspInit
                0x0000000008000cd0       0x48 ./Core/Src/stm32l4xx_hal_msp.o
                0x0000000008000cd0                HAL_MspInit
 .text.NMI_Handler
                0x0000000008000d18        0x6 ./Core/Src/stm32l4xx_it.o
                0x0000000008000d18                NMI_Handler
 .text.HardFault_Handler
                0x0000000008000d1e        0x6 ./Core/Src/stm32l4xx_it.o
                0x0000000008000d1e                HardFault_Handler
 .text.MemManage_Handler
                0x0000000008000d24        0x6 ./Core/Src/stm32l4xx_it.o
                0x0000000008000d24                MemManage_Handler
 .text.BusFault_Handler
                0x0000000008000d2a        0x6 ./Core/Src/stm32l4xx_it.o
                0x0000000008000d2a                BusFault_Handler
 .text.UsageFault_Handler
                0x0000000008000d30        0x6 ./Core/Src/stm32l4xx_it.o
                0x0000000008000d30                UsageFault_Handler
 .text.SVC_Handler
                0x0000000008000d36        0xe ./Core/Src/stm32l4xx_it.o
                0x0000000008000d36                SVC_Handler
 .text.DebugMon_Handler
                0x0000000008000d44        0xe ./Core/Src/stm32l4xx_it.o
                0x0000000008000d44                DebugMon_Handler
 .text.PendSV_Handler
                0x0000000008000d52        0xe ./Core/Src/stm32l4xx_it.o
                0x0000000008000d52                PendSV_Handler
 .text.SysTick_Handler
                0x0000000008000d60        0xc ./Core/Src/stm32l4xx_it.o
                0x0000000008000d60                SysTick_Handler
 .text.CAN1_RX0_IRQHandler
                0x0000000008000d6c       0x14 ./Core/Src/stm32l4xx_it.o
                0x0000000008000d6c                CAN1_RX0_IRQHandler
 .text.SystemInit
                0x0000000008000d80       0x64 ./Core/Src/system_stm32l4xx.o
                0x0000000008000d80                SystemInit
 .text.MX_USART2_UART_Init
                0x0000000008000de4       0x60 ./Core/Src/usart.o
                0x0000000008000de4                MX_USART2_UART_Init
 .text.HAL_UART_MspInit
                0x0000000008000e44       0xb4 ./Core/Src/usart.o
                0x0000000008000e44                HAL_UART_MspInit
 .text.Reset_Handler
                0x0000000008000ef8       0x50 ./Core/Startup/startup_stm32l433rctxp.o
                0x0000000008000ef8                Reset_Handler
 .text.Default_Handler
                0x0000000008000f48        0x2 ./Core/Startup/startup_stm32l433rctxp.o
                0x0000000008000f48                RTC_Alarm_IRQHandler
                0x0000000008000f48                EXTI2_IRQHandler
                0x0000000008000f48                TIM1_CC_IRQHandler
                0x0000000008000f48                TSC_IRQHandler
                0x0000000008000f48                TAMP_STAMP_IRQHandler
                0x0000000008000f48                EXTI3_IRQHandler
                0x0000000008000f48                LPTIM2_IRQHandler
                0x0000000008000f48                I2C3_ER_IRQHandler
                0x0000000008000f48                EXTI0_IRQHandler
                0x0000000008000f48                I2C2_EV_IRQHandler
                0x0000000008000f48                FPU_IRQHandler
                0x0000000008000f48                TIM1_UP_TIM16_IRQHandler
                0x0000000008000f48                SPI1_IRQHandler
                0x0000000008000f48                TIM6_DAC_IRQHandler
                0x0000000008000f48                DMA2_Channel2_IRQHandler
                0x0000000008000f48                DMA1_Channel4_IRQHandler
                0x0000000008000f48                ADC1_IRQHandler
                0x0000000008000f48                USART3_IRQHandler
                0x0000000008000f48                DMA1_Channel7_IRQHandler
                0x0000000008000f48                CAN1_RX1_IRQHandler
                0x0000000008000f48                LCD_IRQHandler
                0x0000000008000f48                DMA2_Channel1_IRQHandler
                0x0000000008000f48                QUADSPI_IRQHandler
                0x0000000008000f48                I2C1_EV_IRQHandler
                0x0000000008000f48                DMA1_Channel6_IRQHandler
                0x0000000008000f48                DMA2_Channel4_IRQHandler
                0x0000000008000f48                RCC_IRQHandler
                0x0000000008000f48                TIM1_TRG_COM_IRQHandler
                0x0000000008000f48                DMA1_Channel1_IRQHandler
                0x0000000008000f48                Default_Handler
                0x0000000008000f48                DMA2_Channel7_IRQHandler
                0x0000000008000f48                EXTI15_10_IRQHandler
                0x0000000008000f48                TIM7_IRQHandler
                0x0000000008000f48                SDMMC1_IRQHandler
                0x0000000008000f48                I2C3_EV_IRQHandler
                0x0000000008000f48                USB_IRQHandler
                0x0000000008000f48                EXTI9_5_IRQHandler
                0x0000000008000f48                RTC_WKUP_IRQHandler
                0x0000000008000f48                PVD_PVM_IRQHandler
                0x0000000008000f48                SPI2_IRQHandler
                0x0000000008000f48                CAN1_TX_IRQHandler
                0x0000000008000f48                DMA2_Channel5_IRQHandler
                0x0000000008000f48                CRS_IRQHandler
                0x0000000008000f48                DMA1_Channel5_IRQHandler
                0x0000000008000f48                EXTI4_IRQHandler
                0x0000000008000f48                RNG_IRQHandler
                0x0000000008000f48                DMA1_Channel3_IRQHandler
                0x0000000008000f48                COMP_IRQHandler
                0x0000000008000f48                WWDG_IRQHandler
                0x0000000008000f48                LPUART1_IRQHandler
                0x0000000008000f48                DMA2_Channel6_IRQHandler
                0x0000000008000f48                TIM2_IRQHandler
                0x0000000008000f48                EXTI1_IRQHandler
                0x0000000008000f48                USART2_IRQHandler
                0x0000000008000f48                I2C2_ER_IRQHandler
                0x0000000008000f48                DMA1_Channel2_IRQHandler
                0x0000000008000f48                CAN1_SCE_IRQHandler
                0x0000000008000f48                FLASH_IRQHandler
                0x0000000008000f48                USART1_IRQHandler
                0x0000000008000f48                SPI3_IRQHandler
                0x0000000008000f48                I2C1_ER_IRQHandler
                0x0000000008000f48                SWPMI1_IRQHandler
                0x0000000008000f48                LPTIM1_IRQHandler
                0x0000000008000f48                SAI1_IRQHandler
                0x0000000008000f48                DMA2_Channel3_IRQHandler
                0x0000000008000f48                TIM1_BRK_TIM15_IRQHandler
 *fill*         0x0000000008000f4a        0x2 
 .text.HAL_Init
                0x0000000008000f4c       0x40 ./Drivers/STM32L4xx_HAL_Driver/Src/stm32l4xx_hal.o
                0x0000000008000f4c                HAL_Init
 .text.HAL_InitTick
                0x0000000008000f8c       0x78 ./Drivers/STM32L4xx_HAL_Driver/Src/stm32l4xx_hal.o
                0x0000000008000f8c                HAL_InitTick
 .text.HAL_IncTick
                0x0000000008001004       0x28 ./Drivers/STM32L4xx_HAL_Driver/Src/stm32l4xx_hal.o
                0x0000000008001004                HAL_IncTick
 .text.HAL_GetTick
                0x000000000800102c       0x18 ./Drivers/STM32L4xx_HAL_Driver/Src/stm32l4xx_hal.o
                0x000000000800102c                HAL_GetTick
 .text.HAL_CAN_Init
                0x0000000008001044      0x1f6 ./Drivers/STM32L4xx_HAL_Driver/Src/stm32l4xx_hal_can.o
                0x0000000008001044                HAL_CAN_Init
 .text.HAL_CAN_ConfigFilter
                0x000000000800123a      0x194 ./Drivers/STM32L4xx_HAL_Driver/Src/stm32l4xx_hal_can.o
                0x000000000800123a                HAL_CAN_ConfigFilter
 .text.HAL_CAN_Start
                0x00000000080013ce       0x88 ./Drivers/STM32L4xx_HAL_Driver/Src/stm32l4xx_hal_can.o
                0x00000000080013ce                HAL_CAN_Start
 .text.HAL_CAN_GetRxMessage
                0x0000000008001456      0x224 ./Drivers/STM32L4xx_HAL_Driver/Src/stm32l4xx_hal_can.o
                0x0000000008001456                HAL_CAN_GetRxMessage
 .text.HAL_CAN_ActivateNotification
                0x000000000800167a       0x4c ./Drivers/STM32L4xx_HAL_Driver/Src/stm32l4xx_hal_can.o
                0x000000000800167a                HAL_CAN_ActivateNotification
 .text.HAL_CAN_IRQHandler
                0x00000000080016c6      0x36e ./Drivers/STM32L4xx_HAL_Driver/Src/stm32l4xx_hal_can.o
                0x00000000080016c6                HAL_CAN_IRQHandler
 .text.HAL_CAN_TxMailbox0CompleteCallback
                0x0000000008001a34       0x14 ./Drivers/STM32L4xx_HAL_Driver/Src/stm32l4xx_hal_can.o
                0x0000000008001a34                HAL_CAN_TxMailbox0CompleteCallback
 .text.HAL_CAN_TxMailbox1CompleteCallback
                0x0000000008001a48       0x14 ./Drivers/STM32L4xx_HAL_Driver/Src/stm32l4xx_hal_can.o
                0x0000000008001a48                HAL_CAN_TxMailbox1CompleteCallback
 .text.HAL_CAN_TxMailbox2CompleteCallback
                0x0000000008001a5c       0x14 ./Drivers/STM32L4xx_HAL_Driver/Src/stm32l4xx_hal_can.o
                0x0000000008001a5c                HAL_CAN_TxMailbox2CompleteCallback
 .text.HAL_CAN_TxMailbox0AbortCallback
                0x0000000008001a70       0x14 ./Drivers/STM32L4xx_HAL_Driver/Src/stm32l4xx_hal_can.o
                0x0000000008001a70                HAL_CAN_TxMailbox0AbortCallback
 .text.HAL_CAN_TxMailbox1AbortCallback
                0x0000000008001a84       0x14 ./Drivers/STM32L4xx_HAL_Driver/Src/stm32l4xx_hal_can.o
                0x0000000008001a84                HAL_CAN_TxMailbox1AbortCallback
 .text.HAL_CAN_TxMailbox2AbortCallback
                0x0000000008001a98       0x14 ./Drivers/STM32L4xx_HAL_Driver/Src/stm32l4xx_hal_can.o
                0x0000000008001a98                HAL_CAN_TxMailbox2AbortCallback
 .text.HAL_CAN_RxFifo0FullCallback
                0x0000000008001aac       0x14 ./Drivers/STM32L4xx_HAL_Driver/Src/stm32l4xx_hal_can.o
                0x0000000008001aac                HAL_CAN_RxFifo0FullCallback
 .text.HAL_CAN_RxFifo1MsgPendingCallback
                0x0000000008001ac0       0x14 ./Drivers/STM32L4xx_HAL_Driver/Src/stm32l4xx_hal_can.o
                0x0000000008001ac0                HAL_CAN_RxFifo1MsgPendingCallback
 .text.HAL_CAN_RxFifo1FullCallback
                0x0000000008001ad4       0x14 ./Drivers/STM32L4xx_HAL_Driver/Src/stm32l4xx_hal_can.o
                0x0000000008001ad4                HAL_CAN_RxFifo1FullCallback
 .text.HAL_CAN_SleepCallback
                0x0000000008001ae8       0x14 ./Drivers/STM32L4xx_HAL_Driver/Src/stm32l4xx_hal_can.o
                0x0000000008001ae8                HAL_CAN_SleepCallback
 .text.HAL_CAN_WakeUpFromRxMsgCallback
                0x0000000008001afc       0x14 ./Drivers/STM32L4xx_HAL_Driver/Src/stm32l4xx_hal_can.o
                0x0000000008001afc                HAL_CAN_WakeUpFromRxMsgCallback
 .text.HAL_CAN_ErrorCallback
                0x0000000008001b10       0x14 ./Drivers/STM32L4xx_HAL_Driver/Src/stm32l4xx_hal_can.o
                0x0000000008001b10                HAL_CAN_ErrorCallback
 .text.__NVIC_SetPriorityGrouping
                0x0000000008001b24       0x48 ./Drivers/STM32L4xx_HAL_Driver/Src/stm32l4xx_hal_cortex.o
 .text.__NVIC_GetPriorityGrouping
                0x0000000008001b6c       0x1c ./Drivers/STM32L4xx_HAL_Driver/Src/stm32l4xx_hal_cortex.o
 .text.__NVIC_EnableIRQ
                0x0000000008001b88       0x3c ./Drivers/STM32L4xx_HAL_Driver/Src/stm32l4xx_hal_cortex.o
 .text.__NVIC_SetPriority
                0x0000000008001bc4       0x54 ./Drivers/STM32L4xx_HAL_Driver/Src/stm32l4xx_hal_cortex.o
 .text.NVIC_EncodePriority
                0x0000000008001c18       0x66 ./Drivers/STM32L4xx_HAL_Driver/Src/stm32l4xx_hal_cortex.o
 *fill*         0x0000000008001c7e        0x2 
 .text.SysTick_Config
                0x0000000008001c80       0x44 ./Drivers/STM32L4xx_HAL_Driver/Src/stm32l4xx_hal_cortex.o
 .text.HAL_NVIC_SetPriorityGrouping
                0x0000000008001cc4       0x16 ./Drivers/STM32L4xx_HAL_Driver/Src/stm32l4xx_hal_cortex.o
                0x0000000008001cc4                HAL_NVIC_SetPriorityGrouping
 .text.HAL_NVIC_SetPriority
                0x0000000008001cda       0x38 ./Drivers/STM32L4xx_HAL_Driver/Src/stm32l4xx_hal_cortex.o
                0x0000000008001cda                HAL_NVIC_SetPriority
 .text.HAL_NVIC_EnableIRQ
                0x0000000008001d12       0x1c ./Drivers/STM32L4xx_HAL_Driver/Src/stm32l4xx_hal_cortex.o
                0x0000000008001d12                HAL_NVIC_EnableIRQ
 .text.HAL_SYSTICK_Config
                0x0000000008001d2e       0x18 ./Drivers/STM32L4xx_HAL_Driver/Src/stm32l4xx_hal_cortex.o
                0x0000000008001d2e                HAL_SYSTICK_Config
 *fill*         0x0000000008001d46        0x2 
 .text.HAL_GPIO_Init
                0x0000000008001d48      0x2f4 ./Drivers/STM32L4xx_HAL_Driver/Src/stm32l4xx_hal_gpio.o
                0x0000000008001d48                HAL_GPIO_Init
 .text.HAL_GPIO_WritePin
                0x000000000800203c       0x30 ./Drivers/STM32L4xx_HAL_Driver/Src/stm32l4xx_hal_gpio.o
                0x000000000800203c                HAL_GPIO_WritePin
 .text.HAL_PWREx_GetVoltageRange
                0x000000000800206c       0x1c ./Drivers/STM32L4xx_HAL_Driver/Src/stm32l4xx_hal_pwr_ex.o
                0x000000000800206c                HAL_PWREx_GetVoltageRange
 .text.HAL_PWREx_ControlVoltageScaling
                0x0000000008002088       0xac ./Drivers/STM32L4xx_HAL_Driver/Src/stm32l4xx_hal_pwr_ex.o
                0x0000000008002088                HAL_PWREx_ControlVoltageScaling
 .text.HAL_RCC_OscConfig
                0x0000000008002134      0x840 ./Drivers/STM32L4xx_HAL_Driver/Src/stm32l4xx_hal_rcc.o
                0x0000000008002134                HAL_RCC_OscConfig
 .text.HAL_RCC_ClockConfig
                0x0000000008002974      0x1c4 ./Drivers/STM32L4xx_HAL_Driver/Src/stm32l4xx_hal_rcc.o
                0x0000000008002974                HAL_RCC_ClockConfig
 .text.HAL_RCC_GetSysClockFreq
                0x0000000008002b38      0x118 ./Drivers/STM32L4xx_HAL_Driver/Src/stm32l4xx_hal_rcc.o
                0x0000000008002b38                HAL_RCC_GetSysClockFreq
 .text.HAL_RCC_GetHCLKFreq
                0x0000000008002c50       0x18 ./Drivers/STM32L4xx_HAL_Driver/Src/stm32l4xx_hal_rcc.o
                0x0000000008002c50                HAL_RCC_GetHCLKFreq
 .text.HAL_RCC_GetPCLK1Freq
                0x0000000008002c68       0x2c ./Drivers/STM32L4xx_HAL_Driver/Src/stm32l4xx_hal_rcc.o
                0x0000000008002c68                HAL_RCC_GetPCLK1Freq
 .text.HAL_RCC_GetPCLK2Freq
                0x0000000008002c94       0x2c ./Drivers/STM32L4xx_HAL_Driver/Src/stm32l4xx_hal_rcc.o
                0x0000000008002c94                HAL_RCC_GetPCLK2Freq
 .text.RCC_SetFlashLatencyFromMSIRange
                0x0000000008002cc0       0xc0 ./Drivers/STM32L4xx_HAL_Driver/Src/stm32l4xx_hal_rcc.o
 .text.HAL_RCCEx_PeriphCLKConfig
                0x0000000008002d80      0x48c ./Drivers/STM32L4xx_HAL_Driver/Src/stm32l4xx_hal_rcc_ex.o
                0x0000000008002d80                HAL_RCCEx_PeriphCLKConfig
 .text.RCCEx_PLLSAI1_Config
                0x000000000800320c      0x1e4 ./Drivers/STM32L4xx_HAL_Driver/Src/stm32l4xx_hal_rcc_ex.o
 .text.HAL_SPI_Init
                0x00000000080033f0      0x146 ./Drivers/STM32L4xx_HAL_Driver/Src/stm32l4xx_hal_spi.o
                0x00000000080033f0                HAL_SPI_Init
 .text.HAL_UART_Init
                0x0000000008003536       0x9c ./Drivers/STM32L4xx_HAL_Driver/Src/stm32l4xx_hal_uart.o
                0x0000000008003536                HAL_UART_Init
 *fill*         0x00000000080035d2        0x2 
 .text.UART_SetConfig
                0x00000000080035d4      0x468 ./Drivers/STM32L4xx_HAL_Driver/Src/stm32l4xx_hal_uart.o
                0x00000000080035d4                UART_SetConfig
 .text.UART_AdvFeatureConfig
                0x0000000008003a3c      0x144 ./Drivers/STM32L4xx_HAL_Driver/Src/stm32l4xx_hal_uart.o
                0x0000000008003a3c                UART_AdvFeatureConfig
 .text.UART_CheckIdleState
                0x0000000008003b80       0x92 ./Drivers/STM32L4xx_HAL_Driver/Src/stm32l4xx_hal_uart.o
                0x0000000008003b80                UART_CheckIdleState
 .text.UART_WaitOnFlagUntilTimeout
                0x0000000008003c12       0xf8 ./Drivers/STM32L4xx_HAL_Driver/Src/stm32l4xx_hal_uart.o
                0x0000000008003c12                UART_WaitOnFlagUntilTimeout
 *fill*         0x0000000008003d0a        0x2 
 .text.__libc_init_array
                0x0000000008003d0c       0x48 c:/st/stm32cubeide_1.7.0/stm32cubeide/plugins/com.st.stm32cube.ide.mcu.externaltools.gnu-tools-for-stm32.9-2020-q2-update.win32_2.0.0.202105311346/tools/bin/../lib/gcc/arm-none-eabi/9.3.1/../../../../arm-none-eabi/lib/thumb/v7e-m+fp/hard\libc_nano.a(lib_a-init.o)
                0x0000000008003d0c                __libc_init_array
 .text.memcpy   0x0000000008003d54       0x1c c:/st/stm32cubeide_1.7.0/stm32cubeide/plugins/com.st.stm32cube.ide.mcu.externaltools.gnu-tools-for-stm32.9-2020-q2-update.win32_2.0.0.202105311346/tools/bin/../lib/gcc/arm-none-eabi/9.3.1/../../../../arm-none-eabi/lib/thumb/v7e-m+fp/hard\libc_nano.a(lib_a-memcpy-stub.o)
                0x0000000008003d54                memcpy
 .text.memset   0x0000000008003d70       0x10 c:/st/stm32cubeide_1.7.0/stm32cubeide/plugins/com.st.stm32cube.ide.mcu.externaltools.gnu-tools-for-stm32.9-2020-q2-update.win32_2.0.0.202105311346/tools/bin/../lib/gcc/arm-none-eabi/9.3.1/../../../../arm-none-eabi/lib/thumb/v7e-m+fp/hard\libc_nano.a(lib_a-memset.o)
                0x0000000008003d70                memset
 *(.glue_7)
 .glue_7        0x0000000008003d80        0x0 linker stubs
 *(.glue_7t)
 .glue_7t       0x0000000008003d80        0x0 linker stubs
 *(.eh_frame)
 .eh_frame      0x0000000008003d80        0x0 c:/st/stm32cubeide_1.7.0/stm32cubeide/plugins/com.st.stm32cube.ide.mcu.externaltools.gnu-tools-for-stm32.9-2020-q2-update.win32_2.0.0.202105311346/tools/bin/../lib/gcc/arm-none-eabi/9.3.1/thumb/v7e-m+fp/hard/crtbegin.o
 *(.init)
 .init          0x0000000008003d80        0x4 c:/st/stm32cubeide_1.7.0/stm32cubeide/plugins/com.st.stm32cube.ide.mcu.externaltools.gnu-tools-for-stm32.9-2020-q2-update.win32_2.0.0.202105311346/tools/bin/../lib/gcc/arm-none-eabi/9.3.1/thumb/v7e-m+fp/hard/crti.o
                0x0000000008003d80                _init
 .init          0x0000000008003d84        0x8 c:/st/stm32cubeide_1.7.0/stm32cubeide/plugins/com.st.stm32cube.ide.mcu.externaltools.gnu-tools-for-stm32.9-2020-q2-update.win32_2.0.0.202105311346/tools/bin/../lib/gcc/arm-none-eabi/9.3.1/thumb/v7e-m+fp/hard/crtn.o
 *(.fini)
 .fini          0x0000000008003d8c        0x4 c:/st/stm32cubeide_1.7.0/stm32cubeide/plugins/com.st.stm32cube.ide.mcu.externaltools.gnu-tools-for-stm32.9-2020-q2-update.win32_2.0.0.202105311346/tools/bin/../lib/gcc/arm-none-eabi/9.3.1/thumb/v7e-m+fp/hard/crti.o
                0x0000000008003d8c                _fini
 .fini          0x0000000008003d90        0x8 c:/st/stm32cubeide_1.7.0/stm32cubeide/plugins/com.st.stm32cube.ide.mcu.externaltools.gnu-tools-for-stm32.9-2020-q2-update.win32_2.0.0.202105311346/tools/bin/../lib/gcc/arm-none-eabi/9.3.1/thumb/v7e-m+fp/hard/crtn.o
                0x0000000008003d98                . = ALIGN (0x4)
                0x0000000008003d98                _etext = .

.vfp11_veneer   0x0000000008003d98        0x0
 .vfp11_veneer  0x0000000008003d98        0x0 linker stubs

.v4_bx          0x0000000008003d98        0x0
 .v4_bx         0x0000000008003d98        0x0 linker stubs

.iplt           0x0000000008003d98        0x0
 .iplt          0x0000000008003d98        0x0 c:/st/stm32cubeide_1.7.0/stm32cubeide/plugins/com.st.stm32cube.ide.mcu.externaltools.gnu-tools-for-stm32.9-2020-q2-update.win32_2.0.0.202105311346/tools/bin/../lib/gcc/arm-none-eabi/9.3.1/thumb/v7e-m+fp/hard/crtbegin.o

.rodata         0x0000000008003d98       0x48
                0x0000000008003d98                . = ALIGN (0x4)
 *(.rodata)
 *(.rodata*)
 .rodata.AHBPrescTable
                0x0000000008003d98       0x10 ./Core/Src/system_stm32l4xx.o
                0x0000000008003d98                AHBPrescTable
 .rodata.APBPrescTable
                0x0000000008003da8        0x8 ./Core/Src/system_stm32l4xx.o
                0x0000000008003da8                APBPrescTable
 .rodata.MSIRangeTable
                0x0000000008003db0       0x30 ./Core/Src/system_stm32l4xx.o
                0x0000000008003db0                MSIRangeTable
                0x0000000008003de0                . = ALIGN (0x4)

.ARM.extab      0x0000000008003de0        0x0
                0x0000000008003de0                . = ALIGN (0x4)
 *(.ARM.extab* .gnu.linkonce.armextab.*)
                0x0000000008003de0                . = ALIGN (0x4)

.ARM            0x0000000008003de0        0x8
                0x0000000008003de0                . = ALIGN (0x4)
                0x0000000008003de0                __exidx_start = .
 *(.ARM.exidx*)
 .ARM.exidx     0x0000000008003de0        0x8 c:/st/stm32cubeide_1.7.0/stm32cubeide/plugins/com.st.stm32cube.ide.mcu.externaltools.gnu-tools-for-stm32.9-2020-q2-update.win32_2.0.0.202105311346/tools/bin/../lib/gcc/arm-none-eabi/9.3.1/thumb/v7e-m+fp/hard\libgcc.a(_udivmoddi4.o)
                0x0000000008003de8                __exidx_end = .
                0x0000000008003de8                . = ALIGN (0x4)

.rel.dyn        0x0000000008003de8        0x0
 .rel.iplt      0x0000000008003de8        0x0 c:/st/stm32cubeide_1.7.0/stm32cubeide/plugins/com.st.stm32cube.ide.mcu.externaltools.gnu-tools-for-stm32.9-2020-q2-update.win32_2.0.0.202105311346/tools/bin/../lib/gcc/arm-none-eabi/9.3.1/thumb/v7e-m+fp/hard/crtbegin.o

.preinit_array  0x0000000008003de8        0x0
                0x0000000008003de8                . = ALIGN (0x4)
                0x0000000008003de8                PROVIDE (__preinit_array_start = .)
 *(.preinit_array*)
                0x0000000008003de8                PROVIDE (__preinit_array_end = .)
                0x0000000008003de8                . = ALIGN (0x4)

.init_array     0x0000000008003de8        0x4
                0x0000000008003de8                . = ALIGN (0x4)
                0x0000000008003de8                PROVIDE (__init_array_start = .)
 *(SORT_BY_NAME(.init_array.*))
 *(.init_array*)
 .init_array    0x0000000008003de8        0x4 c:/st/stm32cubeide_1.7.0/stm32cubeide/plugins/com.st.stm32cube.ide.mcu.externaltools.gnu-tools-for-stm32.9-2020-q2-update.win32_2.0.0.202105311346/tools/bin/../lib/gcc/arm-none-eabi/9.3.1/thumb/v7e-m+fp/hard/crtbegin.o
                0x0000000008003dec                PROVIDE (__init_array_end = .)
                0x0000000008003dec                . = ALIGN (0x4)

.fini_array     0x0000000008003dec        0x4
                0x0000000008003dec                . = ALIGN (0x4)
                [!provide]                        PROVIDE (__fini_array_start = .)
 *(SORT_BY_NAME(.fini_array.*))
 *(.fini_array*)
 .fini_array    0x0000000008003dec        0x4 c:/st/stm32cubeide_1.7.0/stm32cubeide/plugins/com.st.stm32cube.ide.mcu.externaltools.gnu-tools-for-stm32.9-2020-q2-update.win32_2.0.0.202105311346/tools/bin/../lib/gcc/arm-none-eabi/9.3.1/thumb/v7e-m+fp/hard/crtbegin.o
                [!provide]                        PROVIDE (__fini_array_end = .)
                0x0000000008003df0                . = ALIGN (0x4)
                0x0000000008003df0                _sidata = LOADADDR (.data)

.data           0x0000000020000000        0xc load address 0x0000000008003df0
                0x0000000020000000                . = ALIGN (0x4)
                0x0000000020000000                _sdata = .
 *(.data)
 *(.data*)
 .data.SystemCoreClock
                0x0000000020000000        0x4 ./Core/Src/system_stm32l4xx.o
                0x0000000020000000                SystemCoreClock
 .data.uwTickPrio
                0x0000000020000004        0x4 ./Drivers/STM32L4xx_HAL_Driver/Src/stm32l4xx_hal.o
                0x0000000020000004                uwTickPrio
 .data.uwTickFreq
                0x0000000020000008        0x1 ./Drivers/STM32L4xx_HAL_Driver/Src/stm32l4xx_hal.o
                0x0000000020000008                uwTickFreq
 *(.RamFunc)
 *(.RamFunc*)
                0x000000002000000c                . = ALIGN (0x4)
 *fill*         0x0000000020000009        0x3 
                0x000000002000000c                _edata = .

.igot.plt       0x000000002000000c        0x0 load address 0x0000000008003dfc
 .igot.plt      0x000000002000000c        0x0 c:/st/stm32cubeide_1.7.0/stm32cubeide/plugins/com.st.stm32cube.ide.mcu.externaltools.gnu-tools-for-stm32.9-2020-q2-update.win32_2.0.0.202105311346/tools/bin/../lib/gcc/arm-none-eabi/9.3.1/thumb/v7e-m+fp/hard/crtbegin.o
                0x000000002000000c                . = ALIGN (0x4)

.bss            0x000000002000000c      0x3ac load address 0x0000000008003dfc
                0x000000002000000c                _sbss = .
                0x000000002000000c                __bss_start__ = _sbss
 *(.bss)
 .bss           0x000000002000000c       0x1c c:/st/stm32cubeide_1.7.0/stm32cubeide/plugins/com.st.stm32cube.ide.mcu.externaltools.gnu-tools-for-stm32.9-2020-q2-update.win32_2.0.0.202105311346/tools/bin/../lib/gcc/arm-none-eabi/9.3.1/thumb/v7e-m+fp/hard/crtbegin.o
 *(.bss*)
 .bss.hcan      0x0000000020000028        0x4 ./Core/Src/CAN_API.o
 .bss.buff_head
                0x000000002000002c        0x1 ./Core/Src/CAN_API.o
                0x000000002000002c                buff_head
 .bss.buff_tail
                0x000000002000002d        0x1 ./Core/Src/CAN_API.o
                0x000000002000002d                buff_tail
 *(COMMON)
 *fill*         0x000000002000002e        0x2 
 COMMON         0x0000000020000030      0x264 ./Core/Src/CAN_API.o
                0x0000000020000030                circ_RX_buff
                0x0000000020000270                CAN_message
 COMMON         0x0000000020000294       0x28 ./Core/Src/can.o
                0x0000000020000294                hcan1
 COMMON         0x00000000200002bc       0x10 ./Core/Src/main.o
                0x00000000200002bc                screen_2
                0x00000000200002bc                parsed_ID
                0x00000000200002bc                screen_1
                0x00000000200002c8                rx_msg_ptr
 COMMON         0x00000000200002cc       0x64 ./Core/Src/spi.o
                0x00000000200002cc                hspi1
 COMMON         0x0000000020000330       0x84 ./Core/Src/usart.o
                0x0000000020000330                huart2
 COMMON         0x00000000200003b4        0x4 ./Drivers/STM32L4xx_HAL_Driver/Src/stm32l4xx_hal.o
                0x00000000200003b4                uwTick
                0x00000000200003b8                . = ALIGN (0x4)
                0x00000000200003b8                _ebss = .
                0x00000000200003b8                __bss_end__ = _ebss

._user_heap_stack
                0x00000000200003b8      0x600 load address 0x0000000008003dfc
                0x00000000200003b8                . = ALIGN (0x8)
                [!provide]                        PROVIDE (end = .)
                0x00000000200003b8                PROVIDE (_end = .)
                0x00000000200005b8                . = (. + _Min_Heap_Size)
 *fill*         0x00000000200003b8      0x200 
                0x00000000200009b8                . = (. + _Min_Stack_Size)
 *fill*         0x00000000200005b8      0x400 
                0x00000000200009b8                . = ALIGN (0x8)

/DISCARD/
 libc.a(*)
 libm.a(*)
 libgcc.a(*)

.ARM.attributes
                0x0000000000000000       0x30
 *(.ARM.attributes)
 .ARM.attributes
                0x0000000000000000       0x1e c:/st/stm32cubeide_1.7.0/stm32cubeide/plugins/com.st.stm32cube.ide.mcu.externaltools.gnu-tools-for-stm32.9-2020-q2-update.win32_2.0.0.202105311346/tools/bin/../lib/gcc/arm-none-eabi/9.3.1/thumb/v7e-m+fp/hard/crti.o
 .ARM.attributes
                0x000000000000001e       0x34 c:/st/stm32cubeide_1.7.0/stm32cubeide/plugins/com.st.stm32cube.ide.mcu.externaltools.gnu-tools-for-stm32.9-2020-q2-update.win32_2.0.0.202105311346/tools/bin/../lib/gcc/arm-none-eabi/9.3.1/thumb/v7e-m+fp/hard/crtbegin.o
 .ARM.attributes
                0x0000000000000052       0x34 ./Core/Src/CAN_API.o
 .ARM.attributes
                0x0000000000000086       0x34 ./Core/Src/CAN_Utils.o
 .ARM.attributes
                0x00000000000000ba       0x34 ./Core/Src/OLED_Interface.o
 .ARM.attributes
                0x00000000000000ee       0x34 ./Core/Src/can.o
 .ARM.attributes
                0x0000000000000122       0x34 ./Core/Src/gpio.o
 .ARM.attributes
                0x0000000000000156       0x34 ./Core/Src/main.o
 .ARM.attributes
                0x000000000000018a       0x34 ./Core/Src/spi.o
 .ARM.attributes
                0x00000000000001be       0x34 ./Core/Src/stm32l4xx_hal_msp.o
 .ARM.attributes
                0x00000000000001f2       0x34 ./Core/Src/stm32l4xx_it.o
 .ARM.attributes
                0x0000000000000226       0x34 ./Core/Src/system_stm32l4xx.o
 .ARM.attributes
                0x000000000000025a       0x34 ./Core/Src/usart.o
 .ARM.attributes
                0x000000000000028e       0x21 ./Core/Startup/startup_stm32l433rctxp.o
 .ARM.attributes
                0x00000000000002af       0x34 ./Drivers/STM32L4xx_HAL_Driver/Src/stm32l4xx_hal.o
 .ARM.attributes
                0x00000000000002e3       0x34 ./Drivers/STM32L4xx_HAL_Driver/Src/stm32l4xx_hal_can.o
 .ARM.attributes
                0x0000000000000317       0x34 ./Drivers/STM32L4xx_HAL_Driver/Src/stm32l4xx_hal_cortex.o
 .ARM.attributes
                0x000000000000034b       0x34 ./Drivers/STM32L4xx_HAL_Driver/Src/stm32l4xx_hal_gpio.o
 .ARM.attributes
                0x000000000000037f       0x34 ./Drivers/STM32L4xx_HAL_Driver/Src/stm32l4xx_hal_pwr_ex.o
 .ARM.attributes
                0x00000000000003b3       0x34 ./Drivers/STM32L4xx_HAL_Driver/Src/stm32l4xx_hal_rcc.o
 .ARM.attributes
                0x00000000000003e7       0x34 ./Drivers/STM32L4xx_HAL_Driver/Src/stm32l4xx_hal_rcc_ex.o
 .ARM.attributes
                0x000000000000041b       0x34 ./Drivers/STM32L4xx_HAL_Driver/Src/stm32l4xx_hal_spi.o
 .ARM.attributes
                0x000000000000044f       0x34 ./Drivers/STM32L4xx_HAL_Driver/Src/stm32l4xx_hal_uart.o
 .ARM.attributes
                0x0000000000000483       0x34 c:/st/stm32cubeide_1.7.0/stm32cubeide/plugins/com.st.stm32cube.ide.mcu.externaltools.gnu-tools-for-stm32.9-2020-q2-update.win32_2.0.0.202105311346/tools/bin/../lib/gcc/arm-none-eabi/9.3.1/../../../../arm-none-eabi/lib/thumb/v7e-m+fp/hard\libc_nano.a(lib_a-init.o)
 .ARM.attributes
                0x00000000000004b7       0x34 c:/st/stm32cubeide_1.7.0/stm32cubeide/plugins/com.st.stm32cube.ide.mcu.externaltools.gnu-tools-for-stm32.9-2020-q2-update.win32_2.0.0.202105311346/tools/bin/../lib/gcc/arm-none-eabi/9.3.1/../../../../arm-none-eabi/lib/thumb/v7e-m+fp/hard\libc_nano.a(lib_a-memcpy-stub.o)
 .ARM.attributes
                0x00000000000004eb       0x34 c:/st/stm32cubeide_1.7.0/stm32cubeide/plugins/com.st.stm32cube.ide.mcu.externaltools.gnu-tools-for-stm32.9-2020-q2-update.win32_2.0.0.202105311346/tools/bin/../lib/gcc/arm-none-eabi/9.3.1/../../../../arm-none-eabi/lib/thumb/v7e-m+fp/hard\libc_nano.a(lib_a-memset.o)
 .ARM.attributes
                0x000000000000051f       0x1e c:/st/stm32cubeide_1.7.0/stm32cubeide/plugins/com.st.stm32cube.ide.mcu.externaltools.gnu-tools-for-stm32.9-2020-q2-update.win32_2.0.0.202105311346/tools/bin/../lib/gcc/arm-none-eabi/9.3.1/thumb/v7e-m+fp/hard\libgcc.a(_aeabi_uldivmod.o)
 .ARM.attributes
                0x000000000000053d       0x34 c:/st/stm32cubeide_1.7.0/stm32cubeide/plugins/com.st.stm32cube.ide.mcu.externaltools.gnu-tools-for-stm32.9-2020-q2-update.win32_2.0.0.202105311346/tools/bin/../lib/gcc/arm-none-eabi/9.3.1/thumb/v7e-m+fp/hard\libgcc.a(_udivmoddi4.o)
 .ARM.attributes
                0x0000000000000571       0x1e c:/st/stm32cubeide_1.7.0/stm32cubeide/plugins/com.st.stm32cube.ide.mcu.externaltools.gnu-tools-for-stm32.9-2020-q2-update.win32_2.0.0.202105311346/tools/bin/../lib/gcc/arm-none-eabi/9.3.1/thumb/v7e-m+fp/hard\libgcc.a(_dvmd_tls.o)
 .ARM.attributes
                0x000000000000058f       0x1e c:/st/stm32cubeide_1.7.0/stm32cubeide/plugins/com.st.stm32cube.ide.mcu.externaltools.gnu-tools-for-stm32.9-2020-q2-update.win32_2.0.0.202105311346/tools/bin/../lib/gcc/arm-none-eabi/9.3.1/thumb/v7e-m+fp/hard/crtn.o
OUTPUT(USRI.elf elf32-littlearm)
LOAD linker stubs
LOAD c:/st/stm32cubeide_1.7.0/stm32cubeide/plugins/com.st.stm32cube.ide.mcu.externaltools.gnu-tools-for-stm32.9-2020-q2-update.win32_2.0.0.202105311346/tools/bin/../lib/gcc/arm-none-eabi/9.3.1/../../../../arm-none-eabi/lib/thumb/v7e-m+fp/hard\libc.a
LOAD c:/st/stm32cubeide_1.7.0/stm32cubeide/plugins/com.st.stm32cube.ide.mcu.externaltools.gnu-tools-for-stm32.9-2020-q2-update.win32_2.0.0.202105311346/tools/bin/../lib/gcc/arm-none-eabi/9.3.1/../../../../arm-none-eabi/lib/thumb/v7e-m+fp/hard\libm.a
LOAD c:/st/stm32cubeide_1.7.0/stm32cubeide/plugins/com.st.stm32cube.ide.mcu.externaltools.gnu-tools-for-stm32.9-2020-q2-update.win32_2.0.0.202105311346/tools/bin/../lib/gcc/arm-none-eabi/9.3.1/thumb/v7e-m+fp/hard\libgcc.a

.debug_info     0x0000000000000000    0x1243d
 .debug_info    0x0000000000000000     0x12bf ./Core/Src/CAN_API.o
 .debug_info    0x00000000000012bf      0xeef ./Core/Src/CAN_Utils.o
 .debug_info    0x00000000000021ae      0xd18 ./Core/Src/OLED_Interface.o
 .debug_info    0x0000000000002ec6      0xccc ./Core/Src/can.o
 .debug_info    0x0000000000003b92      0x6df ./Core/Src/gpio.o
 .debug_info    0x0000000000004271     0x1bc4 ./Core/Src/main.o
 .debug_info    0x0000000000005e35      0xbd0 ./Core/Src/spi.o
 .debug_info    0x0000000000006a05      0x553 ./Core/Src/stm32l4xx_hal_msp.o
 .debug_info    0x0000000000006f58      0x770 ./Core/Src/stm32l4xx_it.o
 .debug_info    0x00000000000076c8      0x787 ./Core/Src/system_stm32l4xx.o
 .debug_info    0x0000000000007e4f      0xe1b ./Core/Src/usart.o
 .debug_info    0x0000000000008c6a       0x22 ./Core/Startup/startup_stm32l433rctxp.o
 .debug_info    0x0000000000008c8c      0xd39 ./Drivers/STM32L4xx_HAL_Driver/Src/stm32l4xx_hal.o
 .debug_info    0x00000000000099c5     0x121d ./Drivers/STM32L4xx_HAL_Driver/Src/stm32l4xx_hal_can.o
 .debug_info    0x000000000000abe2      0xfd4 ./Drivers/STM32L4xx_HAL_Driver/Src/stm32l4xx_hal_cortex.o
 .debug_info    0x000000000000bbb6      0xa5f ./Drivers/STM32L4xx_HAL_Driver/Src/stm32l4xx_hal_gpio.o
 .debug_info    0x000000000000c615      0xb7b ./Drivers/STM32L4xx_HAL_Driver/Src/stm32l4xx_hal_pwr_ex.o
 .debug_info    0x000000000000d190      0xdb5 ./Drivers/STM32L4xx_HAL_Driver/Src/stm32l4xx_hal_rcc.o
 .debug_info    0x000000000000df45     0x112f ./Drivers/STM32L4xx_HAL_Driver/Src/stm32l4xx_hal_rcc_ex.o
 .debug_info    0x000000000000f074     0x18f8 ./Drivers/STM32L4xx_HAL_Driver/Src/stm32l4xx_hal_spi.o
 .debug_info    0x000000000001096c     0x1ad1 ./Drivers/STM32L4xx_HAL_Driver/Src/stm32l4xx_hal_uart.o

.debug_abbrev   0x0000000000000000     0x29a9
 .debug_abbrev  0x0000000000000000      0x284 ./Core/Src/CAN_API.o
 .debug_abbrev  0x0000000000000284      0x27f ./Core/Src/CAN_Utils.o
 .debug_abbrev  0x0000000000000503      0x211 ./Core/Src/OLED_Interface.o
 .debug_abbrev  0x0000000000000714      0x1de ./Core/Src/can.o
 .debug_abbrev  0x00000000000008f2      0x14e ./Core/Src/gpio.o
 .debug_abbrev  0x0000000000000a40      0x2a4 ./Core/Src/main.o
 .debug_abbrev  0x0000000000000ce4      0x1bb ./Core/Src/spi.o
 .debug_abbrev  0x0000000000000e9f      0x13d ./Core/Src/stm32l4xx_hal_msp.o
 .debug_abbrev  0x0000000000000fdc      0x17f ./Core/Src/stm32l4xx_it.o
 .debug_abbrev  0x000000000000115b      0x165 ./Core/Src/system_stm32l4xx.o
 .debug_abbrev  0x00000000000012c0      0x1bb ./Core/Src/usart.o
 .debug_abbrev  0x000000000000147b       0x12 ./Core/Startup/startup_stm32l433rctxp.o
 .debug_abbrev  0x000000000000148d      0x227 ./Drivers/STM32L4xx_HAL_Driver/Src/stm32l4xx_hal.o
 .debug_abbrev  0x00000000000016b4      0x26e ./Drivers/STM32L4xx_HAL_Driver/Src/stm32l4xx_hal_can.o
 .debug_abbrev  0x0000000000001922      0x33c ./Drivers/STM32L4xx_HAL_Driver/Src/stm32l4xx_hal_cortex.o
 .debug_abbrev  0x0000000000001c5e      0x1e8 ./Drivers/STM32L4xx_HAL_Driver/Src/stm32l4xx_hal_gpio.o
 .debug_abbrev  0x0000000000001e46      0x1f3 ./Drivers/STM32L4xx_HAL_Driver/Src/stm32l4xx_hal_pwr_ex.o
 .debug_abbrev  0x0000000000002039      0x275 ./Drivers/STM32L4xx_HAL_Driver/Src/stm32l4xx_hal_rcc.o
 .debug_abbrev  0x00000000000022ae      0x268 ./Drivers/STM32L4xx_HAL_Driver/Src/stm32l4xx_hal_rcc_ex.o
 .debug_abbrev  0x0000000000002516      0x254 ./Drivers/STM32L4xx_HAL_Driver/Src/stm32l4xx_hal_spi.o
 .debug_abbrev  0x000000000000276a      0x23f ./Drivers/STM32L4xx_HAL_Driver/Src/stm32l4xx_hal_uart.o

.debug_aranges  0x0000000000000000      0xce8
 .debug_aranges
                0x0000000000000000       0x40 ./Core/Src/CAN_API.o
 .debug_aranges
                0x0000000000000040       0x48 ./Core/Src/CAN_Utils.o
 .debug_aranges
                0x0000000000000088       0x30 ./Core/Src/OLED_Interface.o
 .debug_aranges
                0x00000000000000b8       0x30 ./Core/Src/can.o
 .debug_aranges
                0x00000000000000e8       0x20 ./Core/Src/gpio.o
 .debug_aranges
                0x0000000000000108       0x30 ./Core/Src/main.o
 .debug_aranges
                0x0000000000000138       0x30 ./Core/Src/spi.o
 .debug_aranges
                0x0000000000000168       0x20 ./Core/Src/stm32l4xx_hal_msp.o
 .debug_aranges
                0x0000000000000188       0x68 ./Core/Src/stm32l4xx_it.o
 .debug_aranges
                0x00000000000001f0       0x28 ./Core/Src/system_stm32l4xx.o
 .debug_aranges
                0x0000000000000218       0x30 ./Core/Src/usart.o
 .debug_aranges
                0x0000000000000248       0x28 ./Core/Startup/startup_stm32l433rctxp.o
 .debug_aranges
                0x0000000000000270      0x130 ./Drivers/STM32L4xx_HAL_Driver/Src/stm32l4xx_hal.o
 .debug_aranges
                0x00000000000003a0      0x138 ./Drivers/STM32L4xx_HAL_Driver/Src/stm32l4xx_hal_can.o
 .debug_aranges
                0x00000000000004d8      0x118 ./Drivers/STM32L4xx_HAL_Driver/Src/stm32l4xx_hal_cortex.o
 .debug_aranges
                0x00000000000005f0       0x58 ./Drivers/STM32L4xx_HAL_Driver/Src/stm32l4xx_hal_gpio.o
 .debug_aranges
                0x0000000000000648      0x128 ./Drivers/STM32L4xx_HAL_Driver/Src/stm32l4xx_hal_pwr_ex.o
 .debug_aranges
                0x0000000000000770       0x88 ./Drivers/STM32L4xx_HAL_Driver/Src/stm32l4xx_hal_rcc.o
 .debug_aranges
                0x00000000000007f8       0xf0 ./Drivers/STM32L4xx_HAL_Driver/Src/stm32l4xx_hal_rcc_ex.o
 .debug_aranges
                0x00000000000008e8      0x1d8 ./Drivers/STM32L4xx_HAL_Driver/Src/stm32l4xx_hal_spi.o
 .debug_aranges
                0x0000000000000ac0      0x228 ./Drivers/STM32L4xx_HAL_Driver/Src/stm32l4xx_hal_uart.o

.debug_ranges   0x0000000000000000      0xbd0
 .debug_ranges  0x0000000000000000       0x30 ./Core/Src/CAN_API.o
 .debug_ranges  0x0000000000000030       0x38 ./Core/Src/CAN_Utils.o
 .debug_ranges  0x0000000000000068       0x20 ./Core/Src/OLED_Interface.o
 .debug_ranges  0x0000000000000088       0x20 ./Core/Src/can.o
 .debug_ranges  0x00000000000000a8       0x10 ./Core/Src/gpio.o
 .debug_ranges  0x00000000000000b8       0x20 ./Core/Src/main.o
 .debug_ranges  0x00000000000000d8       0x20 ./Core/Src/spi.o
 .debug_ranges  0x00000000000000f8       0x10 ./Core/Src/stm32l4xx_hal_msp.o
 .debug_ranges  0x0000000000000108       0x58 ./Core/Src/stm32l4xx_it.o
 .debug_ranges  0x0000000000000160       0x18 ./Core/Src/system_stm32l4xx.o
 .debug_ranges  0x0000000000000178       0x20 ./Core/Src/usart.o
 .debug_ranges  0x0000000000000198       0x20 ./Core/Startup/startup_stm32l433rctxp.o
 .debug_ranges  0x00000000000001b8      0x120 ./Drivers/STM32L4xx_HAL_Driver/Src/stm32l4xx_hal.o
 .debug_ranges  0x00000000000002d8      0x128 ./Drivers/STM32L4xx_HAL_Driver/Src/stm32l4xx_hal_can.o
 .debug_ranges  0x0000000000000400      0x108 ./Drivers/STM32L4xx_HAL_Driver/Src/stm32l4xx_hal_cortex.o
 .debug_ranges  0x0000000000000508       0x48 ./Drivers/STM32L4xx_HAL_Driver/Src/stm32l4xx_hal_gpio.o
 .debug_ranges  0x0000000000000550      0x118 ./Drivers/STM32L4xx_HAL_Driver/Src/stm32l4xx_hal_pwr_ex.o
 .debug_ranges  0x0000000000000668       0x78 ./Drivers/STM32L4xx_HAL_Driver/Src/stm32l4xx_hal_rcc.o
 .debug_ranges  0x00000000000006e0       0xe0 ./Drivers/STM32L4xx_HAL_Driver/Src/stm32l4xx_hal_rcc_ex.o
 .debug_ranges  0x00000000000007c0      0x1c8 ./Drivers/STM32L4xx_HAL_Driver/Src/stm32l4xx_hal_spi.o
 .debug_ranges  0x0000000000000988      0x248 ./Drivers/STM32L4xx_HAL_Driver/Src/stm32l4xx_hal_uart.o

.debug_macro    0x0000000000000000    0x236fa
 .debug_macro   0x0000000000000000      0x2d0 ./Core/Src/CAN_API.o
 .debug_macro   0x00000000000002d0      0xaa8 ./Core/Src/CAN_API.o
 .debug_macro   0x0000000000000d78      0x1b3 ./Core/Src/CAN_API.o
 .debug_macro   0x0000000000000f2b       0x2e ./Core/Src/CAN_API.o
 .debug_macro   0x0000000000000f59       0x28 ./Core/Src/CAN_API.o
 .debug_macro   0x0000000000000f81       0x22 ./Core/Src/CAN_API.o
 .debug_macro   0x0000000000000fa3       0x8e ./Core/Src/CAN_API.o
 .debug_macro   0x0000000000001031       0x51 ./Core/Src/CAN_API.o
 .debug_macro   0x0000000000001082      0x103 ./Core/Src/CAN_API.o
 .debug_macro   0x0000000000001185       0x6a ./Core/Src/CAN_API.o
 .debug_macro   0x00000000000011ef      0x1df ./Core/Src/CAN_API.o
 .debug_macro   0x00000000000013ce       0x1c ./Core/Src/CAN_API.o
 .debug_macro   0x00000000000013ea       0x22 ./Core/Src/CAN_API.o
 .debug_macro   0x000000000000140c      0x101 ./Core/Src/CAN_API.o
 .debug_macro   0x000000000000150d     0x1011 ./Core/Src/CAN_API.o
 .debug_macro   0x000000000000251e      0x11f ./Core/Src/CAN_API.o
 .debug_macro   0x000000000000263d    0x1614c ./Core/Src/CAN_API.o
 .debug_macro   0x0000000000018789       0x43 ./Core/Src/CAN_API.o
 .debug_macro   0x00000000000187cc     0x3897 ./Core/Src/CAN_API.o
 .debug_macro   0x000000000001c063      0x174 ./Core/Src/CAN_API.o
 .debug_macro   0x000000000001c1d7       0x5c ./Core/Src/CAN_API.o
 .debug_macro   0x000000000001c233     0x1375 ./Core/Src/CAN_API.o
 .debug_macro   0x000000000001d5a8      0x5d6 ./Core/Src/CAN_API.o
 .debug_macro   0x000000000001db7e      0x13d ./Core/Src/CAN_API.o
 .debug_macro   0x000000000001dcbb      0x130 ./Core/Src/CAN_API.o
 .debug_macro   0x000000000001ddeb      0x26b ./Core/Src/CAN_API.o
 .debug_macro   0x000000000001e056      0x23d ./Core/Src/CAN_API.o
 .debug_macro   0x000000000001e293      0x408 ./Core/Src/CAN_API.o
 .debug_macro   0x000000000001e69b      0x241 ./Core/Src/CAN_API.o
 .debug_macro   0x000000000001e8dc      0x375 ./Core/Src/CAN_API.o
 .debug_macro   0x000000000001ec51       0xd6 ./Core/Src/CAN_API.o
 .debug_macro   0x000000000001ed27      0x22c ./Core/Src/CAN_API.o
 .debug_macro   0x000000000001ef53       0x61 ./Core/Src/CAN_API.o
 .debug_macro   0x000000000001efb4       0xa5 ./Core/Src/CAN_API.o
 .debug_macro   0x000000000001f059      0x122 ./Core/Src/CAN_API.o
 .debug_macro   0x000000000001f17b      0x365 ./Core/Src/CAN_API.o
 .debug_macro   0x000000000001f4e0      0x2fe ./Core/Src/CAN_API.o
 .debug_macro   0x000000000001f7de      0x5ba ./Core/Src/CAN_API.o
 .debug_macro   0x000000000001fd98       0x44 ./Core/Src/CAN_API.o
 .debug_macro   0x000000000001fddc      0x26e ./Core/Src/CAN_API.o
 .debug_macro   0x000000000002004a       0xb8 ./Core/Src/CAN_API.o
 .debug_macro   0x0000000000020102       0x52 ./Core/Src/CAN_API.o
 .debug_macro   0x0000000000020154       0x18 ./Core/Src/CAN_API.o
 .debug_macro   0x000000000002016c       0x3c ./Core/Src/CAN_API.o
 .debug_macro   0x00000000000201a8       0x34 ./Core/Src/CAN_API.o
 .debug_macro   0x00000000000201dc       0x16 ./Core/Src/CAN_API.o
 .debug_macro   0x00000000000201f2       0x43 ./Core/Src/CAN_API.o
 .debug_macro   0x0000000000020235       0x34 ./Core/Src/CAN_API.o
 .debug_macro   0x0000000000020269       0x10 ./Core/Src/CAN_API.o
 .debug_macro   0x0000000000020279       0x58 ./Core/Src/CAN_API.o
 .debug_macro   0x00000000000202d1       0x71 ./Core/Src/CAN_API.o
 .debug_macro   0x0000000000020342       0x1c ./Core/Src/CAN_API.o
 .debug_macro   0x000000000002035e      0x12a ./Core/Src/CAN_API.o
 .debug_macro   0x0000000000020488      0x333 ./Core/Src/CAN_API.o
 .debug_macro   0x00000000000207bb       0x10 ./Core/Src/CAN_API.o
 .debug_macro   0x00000000000207cb       0x35 ./Core/Src/CAN_API.o
 .debug_macro   0x0000000000020800       0x20 ./Core/Src/CAN_API.o
 .debug_macro   0x0000000000020820       0x64 ./Core/Src/CAN_API.o
 .debug_macro   0x0000000000020884      0x2da ./Core/Src/CAN_Utils.o
 .debug_macro   0x0000000000020b5e      0x2fd ./Core/Src/OLED_Interface.o
 .debug_macro   0x0000000000020e5b       0xd0 ./Core/Src/OLED_Interface.o
 .debug_macro   0x0000000000020f2b      0x1fd ./Core/Src/can.o
 .debug_macro   0x0000000000021128      0x1fd ./Core/Src/gpio.o
 .debug_macro   0x0000000000021325      0x3fa ./Core/Src/main.o
 .debug_macro   0x000000000002171f       0x1c ./Core/Src/main.o
 .debug_macro   0x000000000002173b       0x10 ./Core/Src/main.o
 .debug_macro   0x000000000002174b       0x10 ./Core/Src/main.o
 .debug_macro   0x000000000002175b       0x1c ./Core/Src/main.o
 .debug_macro   0x0000000000021777       0x52 ./Core/Src/main.o
 .debug_macro   0x00000000000217c9       0x22 ./Core/Src/main.o
 .debug_macro   0x00000000000217eb       0x10 ./Core/Src/main.o
 .debug_macro   0x00000000000217fb       0x40 ./Core/Src/main.o
 .debug_macro   0x000000000002183b       0xd5 ./Core/Src/main.o
 .debug_macro   0x0000000000021910       0x1c ./Core/Src/main.o
 .debug_macro   0x000000000002192c       0x3d ./Core/Src/main.o
 .debug_macro   0x0000000000021969       0x16 ./Core/Src/main.o
 .debug_macro   0x000000000002197f      0x145 ./Core/Src/main.o
 .debug_macro   0x0000000000021ac4      0x1fd ./Core/Src/spi.o
 .debug_macro   0x0000000000021cc1      0x1f3 ./Core/Src/stm32l4xx_hal_msp.o
 .debug_macro   0x0000000000021eb4      0x1fd ./Core/Src/stm32l4xx_it.o
 .debug_macro   0x00000000000220b1      0x1e4 ./Core/Src/system_stm32l4xx.o
 .debug_macro   0x0000000000022295      0x1fd ./Core/Src/usart.o
 .debug_macro   0x0000000000022492      0x232 ./Drivers/STM32L4xx_HAL_Driver/Src/stm32l4xx_hal.o
 .debug_macro   0x00000000000226c4      0x1ec ./Drivers/STM32L4xx_HAL_Driver/Src/stm32l4xx_hal_can.o
 .debug_macro   0x00000000000228b0      0x1e4 ./Drivers/STM32L4xx_HAL_Driver/Src/stm32l4xx_hal_cortex.o
 .debug_macro   0x0000000000022a94      0x223 ./Drivers/STM32L4xx_HAL_Driver/Src/stm32l4xx_hal_gpio.o
 .debug_macro   0x0000000000022cb7      0x208 ./Drivers/STM32L4xx_HAL_Driver/Src/stm32l4xx_hal_pwr_ex.o
 .debug_macro   0x0000000000022ebf      0x226 ./Drivers/STM32L4xx_HAL_Driver/Src/stm32l4xx_hal_rcc.o
 .debug_macro   0x00000000000230e5      0x21a ./Drivers/STM32L4xx_HAL_Driver/Src/stm32l4xx_hal_rcc_ex.o
 .debug_macro   0x00000000000232ff      0x1ec ./Drivers/STM32L4xx_HAL_Driver/Src/stm32l4xx_hal_spi.o
 .debug_macro   0x00000000000234eb      0x20f ./Drivers/STM32L4xx_HAL_Driver/Src/stm32l4xx_hal_uart.o

.debug_line     0x0000000000000000     0xfb78
 .debug_line    0x0000000000000000      0x98f ./Core/Src/CAN_API.o
 .debug_line    0x000000000000098f      0xa14 ./Core/Src/CAN_Utils.o
 .debug_line    0x00000000000013a3      0x8e2 ./Core/Src/OLED_Interface.o
 .debug_line    0x0000000000001c85      0x780 ./Core/Src/can.o
 .debug_line    0x0000000000002405      0x74f ./Core/Src/gpio.o
 .debug_line    0x0000000000002b54      0xa26 ./Core/Src/main.o
 .debug_line    0x000000000000357a      0x788 ./Core/Src/spi.o
 .debug_line    0x0000000000003d02      0x710 ./Core/Src/stm32l4xx_hal_msp.o
 .debug_line    0x0000000000004412      0x7ea ./Core/Src/stm32l4xx_it.o
 .debug_line    0x0000000000004bfc      0x7c0 ./Core/Src/system_stm32l4xx.o
 .debug_line    0x00000000000053bc      0x791 ./Core/Src/usart.o
 .debug_line    0x0000000000005b4d       0x88 ./Core/Startup/startup_stm32l433rctxp.o
 .debug_line    0x0000000000005bd5      0xb00 ./Drivers/STM32L4xx_HAL_Driver/Src/stm32l4xx_hal.o
 .debug_line    0x00000000000066d5     0x1164 ./Drivers/STM32L4xx_HAL_Driver/Src/stm32l4xx_hal_can.o
 .debug_line    0x0000000000007839      0xca6 ./Drivers/STM32L4xx_HAL_Driver/Src/stm32l4xx_hal_cortex.o
 .debug_line    0x00000000000084df      0xb23 ./Drivers/STM32L4xx_HAL_Driver/Src/stm32l4xx_hal_gpio.o
 .debug_line    0x0000000000009002      0xc06 ./Drivers/STM32L4xx_HAL_Driver/Src/stm32l4xx_hal_pwr_ex.o
 .debug_line    0x0000000000009c08      0xf85 ./Drivers/STM32L4xx_HAL_Driver/Src/stm32l4xx_hal_rcc.o
 .debug_line    0x000000000000ab8d     0x137b ./Drivers/STM32L4xx_HAL_Driver/Src/stm32l4xx_hal_rcc_ex.o
 .debug_line    0x000000000000bf08     0x1f28 ./Drivers/STM32L4xx_HAL_Driver/Src/stm32l4xx_hal_spi.o
 .debug_line    0x000000000000de30     0x1d48 ./Drivers/STM32L4xx_HAL_Driver/Src/stm32l4xx_hal_uart.o

.debug_str      0x0000000000000000    0xd198f
 .debug_str     0x0000000000000000    0xcc9ce ./Core/Src/CAN_API.o
                                      0xccd6a (size before relaxing)
 .debug_str     0x00000000000cc9ce      0x122 ./Core/Src/CAN_Utils.o
                                      0xcca22 (size before relaxing)
 .debug_str     0x00000000000ccaf0      0x3f8 ./Core/Src/OLED_Interface.o
                                      0xccd25 (size before relaxing)
 .debug_str     0x00000000000ccee8      0x582 ./Core/Src/can.o
                                      0xc9e2a (size before relaxing)
 .debug_str     0x00000000000cd46a       0x48 ./Core/Src/gpio.o
                                      0xc9791 (size before relaxing)
 .debug_str     0x00000000000cd4b2     0x15a1 ./Core/Src/main.o
                                      0xce630 (size before relaxing)
 .debug_str     0x00000000000cea53       0x4b ./Core/Src/spi.o
                                      0xc9b57 (size before relaxing)
 .debug_str     0x00000000000cea9e       0x2c ./Core/Src/stm32l4xx_hal_msp.o
                                      0xc96f4 (size before relaxing)
 .debug_str     0x00000000000ceaca       0xd1 ./Core/Src/stm32l4xx_it.o
                                      0xc98dc (size before relaxing)
 .debug_str     0x00000000000ceb9b       0xb8 ./Core/Src/system_stm32l4xx.o
                                      0xc94d4 (size before relaxing)
 .debug_str     0x00000000000cec53      0x21d ./Core/Src/usart.o
                                      0xc9d61 (size before relaxing)
 .debug_str     0x00000000000cee70       0x37 ./Core/Startup/startup_stm32l433rctxp.o
                                         0x6d (size before relaxing)
 .debug_str     0x00000000000ceea7      0x5fd ./Drivers/STM32L4xx_HAL_Driver/Src/stm32l4xx_hal.o
                                      0xc9f4e (size before relaxing)
 .debug_str     0x00000000000cf4a4      0x446 ./Drivers/STM32L4xx_HAL_Driver/Src/stm32l4xx_hal_can.o
                                      0xc9b83 (size before relaxing)
 .debug_str     0x00000000000cf8ea      0x389 ./Drivers/STM32L4xx_HAL_Driver/Src/stm32l4xx_hal_cortex.o
                                      0xc9c6f (size before relaxing)
 .debug_str     0x00000000000cfc73      0x236 ./Drivers/STM32L4xx_HAL_Driver/Src/stm32l4xx_hal_gpio.o
                                      0xc9769 (size before relaxing)
 .debug_str     0x00000000000cfea9      0x45a ./Drivers/STM32L4xx_HAL_Driver/Src/stm32l4xx_hal_pwr_ex.o
                                      0xc9992 (size before relaxing)
 .debug_str     0x00000000000d0303      0x34e ./Drivers/STM32L4xx_HAL_Driver/Src/stm32l4xx_hal_rcc.o
                                      0xc9a6b (size before relaxing)
 .debug_str     0x00000000000d0651      0x527 ./Drivers/STM32L4xx_HAL_Driver/Src/stm32l4xx_hal_rcc_ex.o
                                      0xc9d20 (size before relaxing)
 .debug_str     0x00000000000d0b78      0x586 ./Drivers/STM32L4xx_HAL_Driver/Src/stm32l4xx_hal_spi.o
                                      0xc9c9f (size before relaxing)
 .debug_str     0x00000000000d10fe      0x891 ./Drivers/STM32L4xx_HAL_Driver/Src/stm32l4xx_hal_uart.o
                                      0xca133 (size before relaxing)

.comment        0x0000000000000000       0x53
 .comment       0x0000000000000000       0x53 ./Core/Src/CAN_API.o
                                         0x54 (size before relaxing)
 .comment       0x0000000000000053       0x54 ./Core/Src/CAN_Utils.o
 .comment       0x0000000000000053       0x54 ./Core/Src/OLED_Interface.o
 .comment       0x0000000000000053       0x54 ./Core/Src/can.o
 .comment       0x0000000000000053       0x54 ./Core/Src/gpio.o
 .comment       0x0000000000000053       0x54 ./Core/Src/main.o
 .comment       0x0000000000000053       0x54 ./Core/Src/spi.o
 .comment       0x0000000000000053       0x54 ./Core/Src/stm32l4xx_hal_msp.o
 .comment       0x0000000000000053       0x54 ./Core/Src/stm32l4xx_it.o
 .comment       0x0000000000000053       0x54 ./Core/Src/system_stm32l4xx.o
 .comment       0x0000000000000053       0x54 ./Core/Src/usart.o
 .comment       0x0000000000000053       0x54 ./Drivers/STM32L4xx_HAL_Driver/Src/stm32l4xx_hal.o
 .comment       0x0000000000000053       0x54 ./Drivers/STM32L4xx_HAL_Driver/Src/stm32l4xx_hal_can.o
 .comment       0x0000000000000053       0x54 ./Drivers/STM32L4xx_HAL_Driver/Src/stm32l4xx_hal_cortex.o
 .comment       0x0000000000000053       0x54 ./Drivers/STM32L4xx_HAL_Driver/Src/stm32l4xx_hal_gpio.o
 .comment       0x0000000000000053       0x54 ./Drivers/STM32L4xx_HAL_Driver/Src/stm32l4xx_hal_pwr_ex.o
 .comment       0x0000000000000053       0x54 ./Drivers/STM32L4xx_HAL_Driver/Src/stm32l4xx_hal_rcc.o
 .comment       0x0000000000000053       0x54 ./Drivers/STM32L4xx_HAL_Driver/Src/stm32l4xx_hal_rcc_ex.o
 .comment       0x0000000000000053       0x54 ./Drivers/STM32L4xx_HAL_Driver/Src/stm32l4xx_hal_spi.o
 .comment       0x0000000000000053       0x54 ./Drivers/STM32L4xx_HAL_Driver/Src/stm32l4xx_hal_uart.o

.debug_frame    0x0000000000000000     0x3384
 .debug_frame   0x0000000000000000       0xc8 ./Core/Src/CAN_API.o
 .debug_frame   0x00000000000000c8       0xfc ./Core/Src/CAN_Utils.o
 .debug_frame   0x00000000000001c4       0x78 ./Core/Src/OLED_Interface.o
 .debug_frame   0x000000000000023c       0x74 ./Core/Src/can.o
 .debug_frame   0x00000000000002b0       0x34 ./Core/Src/gpio.o
 .debug_frame   0x00000000000002e4       0x68 ./Core/Src/main.o
 .debug_frame   0x000000000000034c       0x74 ./Core/Src/spi.o
 .debug_frame   0x00000000000003c0       0x38 ./Core/Src/stm32l4xx_hal_msp.o
 .debug_frame   0x00000000000003f8      0x120 ./Core/Src/stm32l4xx_it.o
 .debug_frame   0x0000000000000518       0x58 ./Core/Src/system_stm32l4xx.o
 .debug_frame   0x0000000000000570       0x78 ./Core/Src/usart.o
 .debug_frame   0x00000000000005e8      0x498 ./Drivers/STM32L4xx_HAL_Driver/Src/stm32l4xx_hal.o
 .debug_frame   0x0000000000000a80      0x5a0 ./Drivers/STM32L4xx_HAL_Driver/Src/stm32l4xx_hal_can.o
 .debug_frame   0x0000000000001020      0x498 ./Drivers/STM32L4xx_HAL_Driver/Src/stm32l4xx_hal_cortex.o
 .debug_frame   0x00000000000014b8      0x14c ./Drivers/STM32L4xx_HAL_Driver/Src/stm32l4xx_hal_gpio.o
 .debug_frame   0x0000000000001604      0x4a4 ./Drivers/STM32L4xx_HAL_Driver/Src/stm32l4xx_hal_pwr_ex.o
 .debug_frame   0x0000000000001aa8      0x1f4 ./Drivers/STM32L4xx_HAL_Driver/Src/stm32l4xx_hal_rcc.o
 .debug_frame   0x0000000000001c9c      0x3d0 ./Drivers/STM32L4xx_HAL_Driver/Src/stm32l4xx_hal_rcc_ex.o
 .debug_frame   0x000000000000206c      0x860 ./Drivers/STM32L4xx_HAL_Driver/Src/stm32l4xx_hal_spi.o
 .debug_frame   0x00000000000028cc      0x9e4 ./Drivers/STM32L4xx_HAL_Driver/Src/stm32l4xx_hal_uart.o
 .debug_frame   0x00000000000032b0       0x2c c:/st/stm32cubeide_1.7.0/stm32cubeide/plugins/com.st.stm32cube.ide.mcu.externaltools.gnu-tools-for-stm32.9-2020-q2-update.win32_2.0.0.202105311346/tools/bin/../lib/gcc/arm-none-eabi/9.3.1/../../../../arm-none-eabi/lib/thumb/v7e-m+fp/hard\libc_nano.a(lib_a-init.o)
 .debug_frame   0x00000000000032dc       0x28 c:/st/stm32cubeide_1.7.0/stm32cubeide/plugins/com.st.stm32cube.ide.mcu.externaltools.gnu-tools-for-stm32.9-2020-q2-update.win32_2.0.0.202105311346/tools/bin/../lib/gcc/arm-none-eabi/9.3.1/../../../../arm-none-eabi/lib/thumb/v7e-m+fp/hard\libc_nano.a(lib_a-memcpy-stub.o)
 .debug_frame   0x0000000000003304       0x20 c:/st/stm32cubeide_1.7.0/stm32cubeide/plugins/com.st.stm32cube.ide.mcu.externaltools.gnu-tools-for-stm32.9-2020-q2-update.win32_2.0.0.202105311346/tools/bin/../lib/gcc/arm-none-eabi/9.3.1/../../../../arm-none-eabi/lib/thumb/v7e-m+fp/hard\libc_nano.a(lib_a-memset.o)
 .debug_frame   0x0000000000003324       0x2c c:/st/stm32cubeide_1.7.0/stm32cubeide/plugins/com.st.stm32cube.ide.mcu.externaltools.gnu-tools-for-stm32.9-2020-q2-update.win32_2.0.0.202105311346/tools/bin/../lib/gcc/arm-none-eabi/9.3.1/thumb/v7e-m+fp/hard\libgcc.a(_aeabi_uldivmod.o)
 .debug_frame   0x0000000000003350       0x34 c:/st/stm32cubeide_1.7.0/stm32cubeide/plugins/com.st.stm32cube.ide.mcu.externaltools.gnu-tools-for-stm32.9-2020-q2-update.win32_2.0.0.202105311346/tools/bin/../lib/gcc/arm-none-eabi/9.3.1/thumb/v7e-m+fp/hard\libgcc.a(_udivmoddi4.o)
